// Jest Snapshot v1, https://goo.gl/fbAQLP

exports[`<About /> should render correctly 1`] = `
<Link
  to="/"
>
  Navigate to main page
</Link>
`;
